<h1 class='heading'>A Markdown Post<a title='A Markdown Post' id='a-markdown-post' class='anchor' href='#a-markdown-post' aria-hidden='true'></a></h1><p>With some “amazing”, <em>riveting</em>, <strong>coooonnnntent</strong>.</p>
